2026-08-22T13:36:27.150+05:30  INFO 260 --- [online_bookstore_management] [restartedMain] o.a.OnlineBookstoreManagementApplication : Starting OnlineBookstoreManagementApplication using Java 18.0.2.1 with PID 260 (C:\Users\krish.pansara\Desktop\online_bookstore_management\target\classes started by Krish.Pansara in C:\Users\krish.pansara\Desktop\online_bookstore_management)
2026-08-22T13:36:27.160+05:30  INFO 260 --- [online_bookstore_management] [restartedMain] o.a.OnlineBookstoreManagementApplication : The following 1 profile is active: "dev"
2026-08-22T13:36:27.226+05:30  INFO 260 --- [online_bookstore_management] [restartedMain] .e.DevToolsPropertyDefaultsPostProcessor : Devtools property defaults active! Set 'spring.devtools.add-properties' to 'false' to disable
2026-08-22T13:36:27.226+05:30  INFO 260 --- [online_bookstore_management] [restartedMain] .e.DevToolsPropertyDefaultsPostProcessor : For additional web related logging consider setting the 'logging.level.web' property to 'DEBUG'
2026-08-22T13:36:28.425+05:30  INFO 260 --- [online_bookstore_management] [restartedMain] .s.d.r.c.RepositoryConfigurationDelegate : Bootstrapping Spring Data JPA repositories in DEFAULT mode.
2026-08-22T13:36:28.538+05:30  INFO 260 --- [online_bookstore_management] [restartedMain] .s.d.r.c.RepositoryConfigurationDelegate : Finished Spring Data repository scanning in 102 ms. Found 9 JPA repository interfaces.
2026-08-22T13:36:29.254+05:30  INFO 260 --- [online_bookstore_management] [restartedMain] o.s.boot.tomcat.TomcatWebServer          : Tomcat initialized with port 8080 (http)
2026-08-22T13:36:29.269+05:30  INFO 260 --- [online_bookstore_management] [restartedMain] o.apache.catalina.core.StandardService   : Starting service [Tomcat]
2026-08-22T13:36:29.269+05:30  INFO 260 --- [online_bookstore_management] [restartedMain] o.apache.catalina.core.StandardEngine    : Starting Servlet engine: [Apache Tomcat/11.0.22]
2026-08-22T13:36:29.325+05:30  INFO 260 --- [online_bookstore_management] [restartedMain] b.w.c.s.WebApplicationContextInitializer : Root WebApplicationContext: initialization completed in 2097 ms
2026-08-22T13:36:29.601+05:30  INFO 260 --- [online_bookstore_management] [restartedMain] org.hibernate.orm.jpa                    : HHH008540: Processing PersistenceUnitInfo [name: default]
2026-08-22T13:36:29.692+05:30  INFO 260 --- [online_bookstore_management] [restartedMain] org.hibernate.orm.core                   : HHH000001: Hibernate ORM core version 7.4.1.Final
2026-08-22T13:36:30.309+05:30  INFO 260 --- [online_bookstore_management] [restartedMain] o.s.o.j.p.SpringPersistenceUnitInfo      : No LoadTimeWeaver setup: ignoring JPA class transformer
2026-08-22T13:36:30.351+05:30  INFO 260 --- [online_bookstore_management] [restartedMain] com.zaxxer.hikari.HikariDataSource       : HikariPool-1 - Starting...
2026-08-22T13:36:30.874+05:30  INFO 260 --- [online_bookstore_management] [restartedMain] com.zaxxer.hikari.pool.HikariPool        : HikariPool-1 - Added connection org.postgresql.jdbc.PgConnection@24173925
2026-08-22T13:36:30.876+05:30  INFO 260 --- [online_bookstore_management] [restartedMain] com.zaxxer.hikari.HikariDataSource       : HikariPool-1 - Start completed.
2026-08-22T13:36:30.983+05:30  INFO 260 --- [online_bookstore_management] [restartedMain] org.hibernate.orm.connections.pooling    : HHH10001005: Database info:
	Database JDBC URL [jdbc:postgresql://localhost:5432/online_bookstore_database]
	Database driver: PostgreSQL JDBC Driver
	Database dialect: PostgreSQLDialect
	Database version: 18.4
	Default catalog/schema: online_bookstore_database/public
	Autocommit mode: undefined/unknown
	Isolation level: READ_COMMITTED [default READ_COMMITTED]
	JDBC fetch size: none
	Pool: DataSourceConnectionProvider
	Minimum pool size: undefined/unknown
	Maximum pool size: undefined/unknown
2026-08-22T13:36:32.147+05:30  INFO 260 --- [online_bookstore_management] [restartedMain] org.hibernate.orm.core                   : HHH000489: No JTA platform available (set 'hibernate.transaction.jta.platform' to enable JTA platform integration)
2026-08-22T13:36:32.318+05:30  INFO 260 --- [online_bookstore_management] [restartedMain] j.LocalContainerEntityManagerFactoryBean : Initialized JPA EntityManagerFactory for persistence unit 'default'
2026-08-22T13:36:32.432+05:30  INFO 260 --- [online_bookstore_management] [restartedMain] o.s.d.j.r.query.QueryEnhancerFactories   : Hibernate is in classpath; If applicable, HQL parser will be used.
2026-08-22T13:36:33.848+05:30  WARN 260 --- [online_bookstore_management] [restartedMain] JpaBaseConfiguration$JpaWebConfiguration : spring.jpa.open-in-view is enabled by default. Therefore, database queries may be performed during view rendering. Explicitly configure spring.jpa.open-in-view to disable this warning
2026-08-22T13:36:34.462+05:30  INFO 260 --- [online_bookstore_management] [restartedMain] o.s.boot.tomcat.TomcatWebServer          : Tomcat started on port 8080 (http) with context path '/'
2026-08-22T13:36:34.469+05:30  INFO 260 --- [online_bookstore_management] [restartedMain] o.a.OnlineBookstoreManagementApplication : Started OnlineBookstoreManagementApplication in 7.851 seconds (process running for 13.103)
2026-08-22T13:37:41.274+05:30  INFO 260 --- [online_bookstore_management] [http-nio-8080-exec-1] o.a.c.c.C.[Tomcat].[localhost].[/]       : Initializing Spring DispatcherServlet 'dispatcherServlet'
2026-08-22T13:37:41.277+05:30  INFO 260 --- [online_bookstore_management] [http-nio-8080-exec-1] o.s.web.servlet.DispatcherServlet        : Initializing Servlet 'dispatcherServlet'
2026-08-22T13:37:41.279+05:30  INFO 260 --- [online_bookstore_management] [http-nio-8080-exec-1] o.s.web.servlet.DispatcherServlet        : Completed initialization in 2 ms
2026-08-22T13:37:41.618+05:30  WARN 260 --- [online_bookstore_management] [http-nio-8080-exec-2] .m.m.a.ExceptionHandlerExceptionResolver : Resolved [org.springframework.web.bind.MethodArgumentNotValidException: Validation failed for argument [0] in public org.springframework.http.ResponseEntity<com.online_bookstore.app.dtos.authors.AuthorResponseDTO> com.online_bookstore.app.controllers.AuthorController.addNewAuthor(com.online_bookstore.app.dtos.authors.AuthorRequestDTO): [Field error in object 'authorRequestDTO' on field 'name': rejected value [null]; codes [NotBlank.authorRequestDTO.name,NotBlank.name,NotBlank.java.lang.String,NotBlank]; arguments [org.springframework.context.support.DefaultMessageSourceResolvable: codes [authorRequestDTO.name,name]; arguments []; default message [name]]; default message [Author name is required.]] ]
2026-08-22T13:38:57.471+05:30  INFO 260 --- [online_bookstore_management] [http-nio-8080-exec-3] c.o.a.s.implemantation.AuthorService     : Author has been added Successfully with ID: 11
2026-08-22T13:49:32.319+05:30  WARN 260 --- [online_bookstore_management] [http-nio-8080-exec-5] .w.s.m.s.DefaultHandlerExceptionResolver : Resolved [org.springframework.web.HttpRequestMethodNotSupportedException: Request method 'GET' is not supported]
2026-08-22T13:49:40.753+05:30  WARN 260 --- [online_bookstore_management] [http-nio-8080-exec-6] .w.s.m.s.DefaultHandlerExceptionResolver : Resolved [org.springframework.web.HttpRequestMethodNotSupportedException: Request method 'GET' is not supported]
2026-08-22T14:37:35.738+05:30  INFO 260 --- [online_bookstore_management] [http-nio-8080-exec-7] c.o.a.s.implemantation.AuthorService     : Author has been added Successfully with ID: 12
2026-08-22T14:41:17.966+05:30  INFO 260 --- [online_bookstore_management] [http-nio-8080-exec-3] c.o.a.s.implemantation.AuthorService     : Author has been added Successfully with ID: 13
2026-08-22T14:42:01.014+05:30  INFO 260 --- [online_bookstore_management] [http-nio-8080-exec-5] c.o.a.s.implemantation.AuthorService     : Author has been updated Successfully with ID: 11
2026-08-22T15:18:51.537+05:30 ERROR 260 --- [online_bookstore_management] [http-nio-8080-exec-7] c.o.a.s.implemantation.CategoryService   : Category Having Id: 0 doesn't exists.
2026-08-22T15:18:51.549+05:30  WARN 260 --- [online_bookstore_management] [http-nio-8080-exec-7] .m.m.a.ExceptionHandlerExceptionResolver : Resolved [com.online_bookstore.app.exceptions.CategoryNotFoundException: Category not found with id: 0]
2026-08-22T15:19:19.687+05:30 ERROR 260 --- [online_bookstore_management] [http-nio-8080-exec-8] c.o.a.s.implemantation.CategoryService   : Category Having Id: 0 doesn't exists.
2026-08-22T15:19:19.689+05:30  WARN 260 --- [online_bookstore_management] [http-nio-8080-exec-8] .m.m.a.ExceptionHandlerExceptionResolver : Resolved [com.online_bookstore.app.exceptions.CategoryNotFoundException: Category not found with id: 0]
2026-08-22T15:19:22.039+05:30 ERROR 260 --- [online_bookstore_management] [http-nio-8080-exec-9] c.o.a.s.implemantation.CategoryService   : Category Having Id: 0 doesn't exists.
2026-08-22T15:19:22.043+05:30  WARN 260 --- [online_bookstore_management] [http-nio-8080-exec-9] .m.m.a.ExceptionHandlerExceptionResolver : Resolved [com.online_bookstore.app.exceptions.CategoryNotFoundException: Category not found with id: 0]
2026-08-22T15:19:34.515+05:30 ERROR 260 --- [online_bookstore_management] [http-nio-8080-exec-5] c.o.a.s.implemantation.CategoryService   : Category Having Id: 0 doesn't exists.
2026-08-22T15:19:34.516+05:30  WARN 260 --- [online_bookstore_management] [http-nio-8080-exec-5] .m.m.a.ExceptionHandlerExceptionResolver : Resolved [com.online_bookstore.app.exceptions.CategoryNotFoundException: Category not found with id: 0]
2026-08-22T15:19:55.331+05:30 ERROR 260 --- [online_bookstore_management] [http-nio-8080-exec-6] c.o.a.s.implemantation.CategoryService   : Category Having Id: 0 doesn't exists.
2026-08-22T15:19:55.333+05:30  WARN 260 --- [online_bookstore_management] [http-nio-8080-exec-6] .m.m.a.ExceptionHandlerExceptionResolver : Resolved [com.online_bookstore.app.exceptions.CategoryNotFoundException: Category not found with id: 0]
2026-08-22T15:29:08.127+05:30  INFO 260 --- [online_bookstore_management] [http-nio-8080-exec-4] c.o.a.s.implemantation.CategoryService   : Category Having Id: 16 Added successfully.
2026-08-22T15:29:22.193+05:30  INFO 260 --- [online_bookstore_management] [http-nio-8080-exec-8] c.o.a.s.implemantation.CategoryService   : Category Having Id: 8 Updated successfully.
2026-08-22T15:55:40.033+05:30  INFO 260 --- [online_bookstore_management] [SpringApplicationShutdownHook] o.s.boot.tomcat.GracefulShutdown         : Commencing graceful shutdown. Waiting for active requests to complete
2026-08-22T15:55:40.265+05:30  INFO 260 --- [online_bookstore_management] [tomcat-shutdown] o.s.boot.tomcat.GracefulShutdown         : Graceful shutdown complete
2026-08-22T15:55:40.281+05:30  INFO 260 --- [online_bookstore_management] [SpringApplicationShutdownHook] j.LocalContainerEntityManagerFactoryBean : Closing JPA EntityManagerFactory for persistence unit 'default'
2026-08-22T15:55:40.293+05:30  INFO 260 --- [online_bookstore_management] [SpringApplicationShutdownHook] com.zaxxer.hikari.HikariDataSource       : HikariPool-1 - Shutdown initiated...
2026-08-22T15:55:40.296+05:30  INFO 260 --- [online_bookstore_management] [SpringApplicationShutdownHook] com.zaxxer.hikari.HikariDataSource       : HikariPool-1 - Shutdown completed.
